[portfolio-lbtvgll.format.com/wknd.html]
[backblue.gif]
[fade.gif]
[index.html]
[portfolio-lbtvgll.format.com/e,r.href]
[portfolio-lbtvgll.format.com/static/theme_api/v1/hosted_fonts-d5ec48dda39ec1dad115aee68d1d6c3460ffc8c8697f01060d36750496a3192f.css]
[portfolio-lbtvgll.format.com/static/theme_api/vendor/webtype_fonts.min-51d9b9edb8f956fb39da113609d790ba607fa4fbda053af8e378bb9233ef4a39.css]
[portfolio-lbtvgll.format.com/static/favicon-16-58eeac03d06e2402c16e494e44623ab6da7b9e6749eafd5e67b6508888c13452.png]
[portfolio-lbtvgll.format.com/static/favicon-32-7b151b5cb1ea57453cf4f6e4dca6e59f40b326568045ed7ee8e2da4ad0096e63.png]
[portfolio-lbtvgll.format.com/applewebkit/index.html]
[portfolio-lbtvgll.format.com/gecko/index.html]
[portfolio-lbtvgll.format.com/mozilla/index.html]
[portfolio-lbtvgll.format.com/static/favicon-96-fd00130996e46dd74db83867237ee7b02e48d37456ed20a348ee43b5c6b6b576.png]
[portfolio-lbtvgll.format.com/static/favicon-192-36a03c4d1a4754694fea4f56150aa9d363ab3cbcc0dae286f87e3f47979c55f9.png]
[portfolio-lbtvgll.format.com/static/theme_api/v1/share_panel-1a26721acae26eabd7c32296e2ee8cf053d1a1a8d9f7c49f0df899bc27b784c1.css]
[portfolio-lbtvgll.format.com/static/theme_api/v1/protected_images-6cc002aad772e14af53bbbb966d0611491b39e25fc8fba42e94598f98d535828.css]
[portfolio-lbtvgll.format.com/static/theme_api/v1/font-awesome.min-3149da3014aff38a256574aa7aa1b947387efee9cdc1fb2d39e234606f231c96.css]
[portfolio-lbtvgll.format.com/static/theme_api/v1/theme_social-666d56afe440722dbf0325c8f10528dcc28546f5fab9eb19bc7098b0179fac58.css]
[portfolio-lbtvgll.format.com/static/theme_api/v1/sales/cart-4d5bed841e04f35cada9bb41f30882005c189af13e193524545f285f7c279533.css]
[portfolio-lbtvgll.format.com/static/vid_overlay-b935013b5cebeedb8f5d5f3e7b0c48ee08c556e2db6888045b216f172195e632.png]
[portfolio-lbtvgll.format.com/static/heart-fdbd4f0c82adfe04d7251886935bf91ac9a3948c951353b40cf519eb034bcf6f.svg]
[portfolio-lbtvgll.format.com/static/left-balloon-ellipses-9b27c618ded2344503f9ff2c3022152ef29618b6fde3931dabc5f07b1d92e8a6.svg]
[portfolio-lbtvgll.format.com/get]
[portfolio-lbtvgll.format.com/stylesheetd9aa.css]
[portfolio-lbtvgll.format.com/gallery.html]
[portfolio-lbtvgll.format.com/the-team.html]
[portfolio-lbtvgll.format.com/contact.html]
[bucket0.format-assets.com/theme_versions/9337987/assets/javascripts/jquery.min.js]
[bucket0.format-assets.com/theme_versions/9337987/assets/javascripts/respond.min.js]
[bucket0.format-assets.com/theme_versions/9337987/assets/javascripts/jquery.throttledresize.js]
[portfolio-lbtvgll.format.com/static/theme_api/vendor/masonry.pkgd-4.2.2.min-8d645c617dae902d017672ffda525cc733715da09ddf3d8e52129f0ac480f0c6.js]
[bucket0.format-assets.com/theme_versions/9337987/assets/javascripts/lazysizes.min.js]
[bucket0.format-assets.com/theme_versions/9337987/assets/javascripts/main.js]
[portfolio-lbtvgll.format.com/static/g024_computer_icon-1353da85caca09c6b2a1b5dba851ece8f6c48abacfbc87a75eea2b63e4a72729.svg]
[portfolio-lbtvgll.format.com/static/g024_close_icon-14b56df6978661077225d9afd540dba457eb66a919718b90d3c1cff876c4e119.svg]
[portfolio-lbtvgll.format.com/wknd.html]
[portfolio-lbtvgll.format.com/e,r.html]
[portfolio-lbtvgll.format.com/gecko/index.html]
[portfolio-lbtvgll.format.com/applewebkit/index.html]
[portfolio-lbtvgll.format.com/mozilla/index.html]
[portfolio-lbtvgll.format.com/static/theme_api/v1/4ormat-70901225320ae427277039851b0e0b51e410c74562a86d842c56870b6226e02e.js]
[portfolio-lbtvgll.format.com/fonts/NewsCycleRegular/NewsCycle-Regular-webfont.eot]
[portfolio-lbtvgll.format.com/fonts/NewsCycleRegular/NewsCycle-Regular-webfontd41d.eot]
[portfolio-lbtvgll.format.com/fonts/NewsCycleRegular/NewsCycle-Regular-webfont.woff]
[portfolio-lbtvgll.format.com/fonts/NewsCycleRegular/NewsCycle-Regular-webfont.ttf]
[portfolio-lbtvgll.format.com/fonts/NewsCycleRegular/NewsCycle-Regular-webfont.svg]
[portfolio-lbtvgll.format.com/fonts/Museo/Museo300-Regular-webfont.eot]
[portfolio-lbtvgll.format.com/fonts/Museo/Museo300-Regular-webfontd41d.eot]
[portfolio-lbtvgll.format.com/fonts/Museo/Museo300-Regular-webfont.woff]
[portfolio-lbtvgll.format.com/fonts/Museo/Museo300-Regular-webfont.ttf]
[portfolio-lbtvgll.format.com/fonts/Museo/Museo300-Regular-webfont.svg]
[portfolio-lbtvgll.format.com/fonts/Museo/Museo700-Regular-webfont.eot]
[portfolio-lbtvgll.format.com/fonts/Museo/Museo700-Regular-webfontd41d.eot]
[portfolio-lbtvgll.format.com/fonts/Museo/Museo700-Regular-webfont.woff]
[portfolio-lbtvgll.format.com/fonts/Museo/Museo700-Regular-webfont.ttf]
[portfolio-lbtvgll.format.com/fonts/Museo/Museo700-Regular-webfont.svg]
[portfolio-lbtvgll.format.com/fonts/aller/aller_rg-webfont.eot]
[portfolio-lbtvgll.format.com/fonts/aller/aller_rg-webfontd41d.eot]
[portfolio-lbtvgll.format.com/fonts/aller/aller_rg-webfont.woff]
[portfolio-lbtvgll.format.com/fonts/aller/aller_rg-webfont.ttf]
[portfolio-lbtvgll.format.com/fonts/aller/aller_rg-webfont.svg]
[portfolio-lbtvgll.format.com/fonts/aller/aller_bd-webfont.eot]
[portfolio-lbtvgll.format.com/fonts/aller/aller_bd-webfontd41d.eot]
[portfolio-lbtvgll.format.com/fonts/aller/aller_bd-webfont.woff]
[portfolio-lbtvgll.format.com/fonts/aller/aller_bd-webfont.ttf]
[portfolio-lbtvgll.format.com/fonts/aller/aller_bd-webfont.svg]
[portfolio-lbtvgll.format.com/fonts/Roboto/Roboto-Regular-webfont.eot]
[portfolio-lbtvgll.format.com/fonts/Roboto/Roboto-Regular-webfontd41d.eot]
[portfolio-lbtvgll.format.com/fonts/Roboto/Roboto-Regular-webfont.woff]
[portfolio-lbtvgll.format.com/fonts/Roboto/Roboto-Regular-webfont.ttf]
[portfolio-lbtvgll.format.com/fonts/Roboto/Roboto-Regular-webfont.svg]
[portfolio-lbtvgll.format.com/fonts/Roboto/Roboto-Medium-webfont.eot]
[portfolio-lbtvgll.format.com/fonts/Roboto/Roboto-Medium-webfontd41d.eot]
[portfolio-lbtvgll.format.com/fonts/Roboto/Roboto-Medium-webfont.woff]
[portfolio-lbtvgll.format.com/fonts/Roboto/Roboto-Medium-webfont.ttf]
[portfolio-lbtvgll.format.com/fonts/Roboto/Roboto-Medium-webfont.svg]
[portfolio-lbtvgll.format.com/fonts/anivers/Anivers_Regular-webfont.eot]
[portfolio-lbtvgll.format.com/fonts/anivers/Anivers_Regular-webfontd41d.eot]
[portfolio-lbtvgll.format.com/fonts/anivers/Anivers_Regular-webfont.woff]
[portfolio-lbtvgll.format.com/fonts/anivers/Anivers_Regular-webfont.ttf]
[portfolio-lbtvgll.format.com/fonts/anivers/Anivers_Regular-webfont.svg]
[portfolio-lbtvgll.format.com/fonts/WorkSans/WorkSans-Light.woff2]
[portfolio-lbtvgll.format.com/fonts/WorkSans/WorkSans-Light.woff]
[portfolio-lbtvgll.format.com/fonts/WorkSans/WorkSans-Regular.woff2]
[portfolio-lbtvgll.format.com/fonts/WorkSans/WorkSans-Regular.woff]
[portfolio-lbtvgll.format.com/fonts/WorkSans/WorkSans-Bold.woff2]
[portfolio-lbtvgll.format.com/fonts/WorkSans/WorkSans-Bold.woff]
[portfolio-lbtvgll.format.com/fonts/WorkSans/WorkSans-ExtraBold.woff2]
[portfolio-lbtvgll.format.com/fonts/WorkSans/WorkSans-ExtraBold.woff]
[portfolio-lbtvgll.format.com/fonts/WorkSans/WorkSans-Black.woff2]
[portfolio-lbtvgll.format.com/fonts/WorkSans/WorkSans-Black.woff]
[portfolio-lbtvgll.format.com/fonts/InknutAntiqua/InknutAntiqua-Light.woff2]
[portfolio-lbtvgll.format.com/fonts/InknutAntiqua/InknutAntiqua-Light.woff]
[portfolio-lbtvgll.format.com/fonts/InknutAntiqua/InknutAntiqua-Regular.woff2]
[portfolio-lbtvgll.format.com/fonts/InknutAntiqua/InknutAntiqua-Regular.woff]
[portfolio-lbtvgll.format.com/fonts/InknutAntiqua/InknutAntiqua-Bold.woff2]
[portfolio-lbtvgll.format.com/fonts/InknutAntiqua/InknutAntiqua-Bold.woff]
[portfolio-lbtvgll.format.com/fonts/InknutAntiqua/InknutAntiqua-Medium.woff2]
[portfolio-lbtvgll.format.com/fonts/InknutAntiqua/InknutAntiqua-Medium.woff]
[portfolio-lbtvgll.format.com/fonts/inknutantiqua/inknutantiqua-medium.ttf]
[portfolio-lbtvgll.format.com/fonts/InknutAntiqua/InknutAntiqua-Black.woff2]
[portfolio-lbtvgll.format.com/fonts/InknutAntiqua/InknutAntiqua-Black.woff]
[portfolio-lbtvgll.format.com/fonts/SportingGrotesque/Sporting_Grotesque-Regular.woff2]
[portfolio-lbtvgll.format.com/fonts/SportingGrotesque/Sporting_Grotesque-Regular.woff]
[portfolio-lbtvgll.format.com/fonts/SportingGrotesque/Sporting_Grotesque-Bold.woff2]
[portfolio-lbtvgll.format.com/fonts/SportingGrotesque/Sporting_Grotesque-Bold.woff]
[portfolio-lbtvgll.format.com/fonts/Archivo/archivo-black-v7-latin-regular.woff2]
[portfolio-lbtvgll.format.com/fonts/Archivo/archivo-black-v7-latin-regular.woff]
[portfolio-lbtvgll.format.com/fonts/Bagnad/bagnard-webfont.woff2]
[portfolio-lbtvgll.format.com/fonts/Bagnad/bagnard-webfont.woff]
[portfolio-lbtvgll.format.com/fonts/FormaDjr/Forma DJR Display Regular.woff2]
[portfolio-lbtvgll.format.com/fonts/FormaDjr/Forma DJR Display Regular.woff]
[portfolio-lbtvgll.format.com/fonts/FormaDjr/Forma DJR Display Bold.woff2]
[portfolio-lbtvgll.format.com/fonts/FormaDjr/Forma DJR Display Bold.woff]
[portfolio-lbtvgll.format.com/fonts/FormaDjr/Forma DJR Display Bold Italic.woff2]
[portfolio-lbtvgll.format.com/fonts/FormaDjr/Forma DJR Display Bold Italic.woff]
[portfolio-lbtvgll.format.com/fonts/FormaDjr/Forma DJR Display Italic.woff2]
[portfolio-lbtvgll.format.com/fonts/FormaDjr/Forma DJR Display Italic.woff]
[portfolio-lbtvgll.format.com/fonts/FormaDjr/Forma DJR Display Light.woff2]
[portfolio-lbtvgll.format.com/fonts/FormaDjr/Forma DJR Display Light.woff]
[portfolio-lbtvgll.format.com/fonts/FormaDjr/Forma DJR Display Light Italic.woff2]
[portfolio-lbtvgll.format.com/fonts/FormaDjr/Forma DJR Display Light Italic.woff]
[portfolio-lbtvgll.format.com/fonts/DollyPro/Dolly Pro Regular.woff2]
[portfolio-lbtvgll.format.com/fonts/DollyPro/Dolly Pro Regular.woff]
[portfolio-lbtvgll.format.com/fonts/DollyPro/Dolly Pro Regular Italic.woff2]
[portfolio-lbtvgll.format.com/fonts/DollyPro/Dolly Pro Regular Italic.woff]
[portfolio-lbtvgll.format.com/fonts/DollyPro/Dolly Pro Bold.woff2]
[portfolio-lbtvgll.format.com/fonts/DollyPro/Dolly Pro Bold.woff]
[portfolio-lbtvgll.format.com/fonts/ZeitungPro/Zeitung Pro Regular.woff2]
[portfolio-lbtvgll.format.com/fonts/ZeitungPro/Zeitung Pro Regular.woff]
[portfolio-lbtvgll.format.com/fonts/ZeitungPro/Zeitung Pro Regular Italic.woff2]
[portfolio-lbtvgll.format.com/fonts/ZeitungPro/Zeitung Pro Regular Italic.woff]
[portfolio-lbtvgll.format.com/fonts/ZeitungPro/Zeitung Pro Bold.woff2]
[portfolio-lbtvgll.format.com/fonts/ZeitungPro/Zeitung Pro Bold.woff]
[portfolio-lbtvgll.format.com/fonts/ZeitungPro/Zeitung Pro Light.woff2]
[portfolio-lbtvgll.format.com/fonts/ZeitungPro/Zeitung Pro Light.woff]
[portfolio-lbtvgll.format.com/fonts/ZeitungPro/Zeitung Pro Light Italic.woff2]
[portfolio-lbtvgll.format.com/fonts/ZeitungPro/Zeitung Pro Light Italic.woff]
[portfolio-lbtvgll.format.com/fonts/ZeitungPro/Zeitung Pro Bold Italic.woff2]
[portfolio-lbtvgll.format.com/fonts/ZeitungPro/Zeitung Pro Bold Italic.woff]
[portfolio-lbtvgll.format.com/fonts/ZeitungPro/Zeitung Pro Black.woff2]
[portfolio-lbtvgll.format.com/fonts/ZeitungPro/Zeitung Pro Black.woff]
[portfolio-lbtvgll.format.com/fonts/ZeitungPro/Zeitung Pro Black Italic.woff2]
[portfolio-lbtvgll.format.com/fonts/ZeitungPro/Zeitung Pro Black Italic.woff]
[portfolio-lbtvgll.format.com/fonts/ProximaNova/Proxima Nova Regular.woff2]
[portfolio-lbtvgll.format.com/fonts/ProximaNova/Proxima Nova Regular.woff]
[portfolio-lbtvgll.format.com/fonts/ProximaNova/Proxima Nova Regular Italic.woff2]
[portfolio-lbtvgll.format.com/fonts/ProximaNova/Proxima Nova Regular Italic.woff]
[portfolio-lbtvgll.format.com/fonts/ProximaNova/Proxima Nova Bold.woff2]
[portfolio-lbtvgll.format.com/fonts/ProximaNova/Proxima Nova Bold.woff]
[portfolio-lbtvgll.format.com/fonts/ProximaNova/Proxima Nova Bold Italic.woff2]
[portfolio-lbtvgll.format.com/fonts/ProximaNova/Proxima Nova Bold Italic.woff]
[portfolio-lbtvgll.format.com/fonts/ProximaNova/Proxima Nova Light.woff2]
[portfolio-lbtvgll.format.com/fonts/ProximaNova/Proxima Nova Light.woff]
[portfolio-lbtvgll.format.com/fonts/ProximaNova/Proxima Nova Light Italic.woff2]
[portfolio-lbtvgll.format.com/fonts/ProximaNova/Proxima Nova Light Italic.woff]
[portfolio-lbtvgll.format.com/fonts/ProximaNova/Proxima Nova Black.woff2]
[portfolio-lbtvgll.format.com/fonts/ProximaNova/Proxima Nova Black.woff]
[portfolio-lbtvgll.format.com/fonts/ProximaNova/Proxima Nova Black Italic.woff2]
[portfolio-lbtvgll.format.com/fonts/ProximaNova/Proxima Nova Black Italic.woff]
[portfolio-lbtvgll.format.com/fonts/ProximaNovaCondensed/Proxima Nova Condensed Regular.woff2]
[portfolio-lbtvgll.format.com/fonts/ProximaNovaCondensed/Proxima Nova Condensed Regular.woff]
[portfolio-lbtvgll.format.com/fonts/ProximaNovaCondensed/Proxima Nova Condensed Regular Italic.woff2]
[portfolio-lbtvgll.format.com/fonts/ProximaNovaCondensed/Proxima Nova Condensed Regular Italic.woff]
[portfolio-lbtvgll.format.com/fonts/ProximaNovaCondensed/Proxima Nova Condensed Bold.woff2]
[portfolio-lbtvgll.format.com/fonts/ProximaNovaCondensed/Proxima Nova Condensed Bold.woff]
[portfolio-lbtvgll.format.com/fonts/ProximaNovaCondensed/Proxima Nova Condensed Bold Italic.woff2]
[portfolio-lbtvgll.format.com/fonts/ProximaNovaCondensed/Proxima Nova Condensed Bold Italic.woff]
[portfolio-lbtvgll.format.com/fonts/ProximaNovaCondensed/Proxima Nova Condensed Light.woff2]
[portfolio-lbtvgll.format.com/fonts/ProximaNovaCondensed/Proxima Nova Condensed Light.woff]
[portfolio-lbtvgll.format.com/fonts/ProximaNovaCondensed/Proxima Nova Condensed Light Italic.woff2]
[portfolio-lbtvgll.format.com/fonts/ProximaNovaCondensed/Proxima Nova Condensed Light Italic.woff]
[portfolio-lbtvgll.format.com/fonts/ProximaNovaCondensed/Proxima Nova Condensed Black.woff2]
[portfolio-lbtvgll.format.com/fonts/ProximaNovaCondensed/Proxima Nova Condensed Black.woff]
[portfolio-lbtvgll.format.com/fonts/ProximaNovaCondensed/Proxima Nova Condensed Black Italic.woff2]
[portfolio-lbtvgll.format.com/fonts/ProximaNovaCondensed/Proxima Nova Condensed Black Italic.woff]
[portfolio-lbtvgll.format.com/fonts/Joost/Joost Regular.woff2]
[portfolio-lbtvgll.format.com/fonts/Joost/Joost Regular.woff]
[portfolio-lbtvgll.format.com/fonts/Joost/Joost Bold.woff2]
[portfolio-lbtvgll.format.com/fonts/Joost/Joost Bold.woff]
[portfolio-lbtvgll.format.com/fonts/Joost/Joost Light.woff2]
[portfolio-lbtvgll.format.com/fonts/Joost/Joost Light.woff]
[portfolio-lbtvgll.format.com/fonts/FreightTextPro/Freight Text Pro Book.woff2]
[portfolio-lbtvgll.format.com/fonts/FreightTextPro/Freight Text Pro Book.woff]
[portfolio-lbtvgll.format.com/fonts/FreightTextPro/Freight Text Pro Book Italic.woff2]
[portfolio-lbtvgll.format.com/fonts/FreightTextPro/Freight Text Pro Book Italic.woff]
[portfolio-lbtvgll.format.com/fonts/FreightTextPro/Freight Text Pro Bold.woff2]
[portfolio-lbtvgll.format.com/fonts/FreightTextPro/Freight Text Pro Bold.woff]
[portfolio-lbtvgll.format.com/fonts/FreightTextPro/Freight Text Pro Bold Italic.woff2]
[portfolio-lbtvgll.format.com/fonts/FreightTextPro/Freight Text Pro Bold Italic.woff]
[portfolio-lbtvgll.format.com/fonts/FreightBigPro/Freight Big Pro Book.woff2]
[portfolio-lbtvgll.format.com/fonts/FreightBigPro/Freight Big Pro Book.woff]
[portfolio-lbtvgll.format.com/fonts/FreightBigPro/Freight Big Pro Book Italic.woff2]
[portfolio-lbtvgll.format.com/fonts/FreightBigPro/Freight Big Pro Book Italic.woff]
[portfolio-lbtvgll.format.com/fonts/FreightBigPro/Freight Big Pro Bold.woff2]
[portfolio-lbtvgll.format.com/fonts/FreightBigPro/Freight Big Pro Bold.woff]
[portfolio-lbtvgll.format.com/fonts/FreightBigPro/Freight Big Pro Bold Italic.woff2]
[portfolio-lbtvgll.format.com/fonts/FreightBigPro/Freight Big Pro Bold Italic.woff]
[portfolio-lbtvgll.format.com/fonts/FreightBigPro/Freight Big Pro Light.woff2]
[portfolio-lbtvgll.format.com/fonts/FreightBigPro/Freight Big Pro Light.woff]
[portfolio-lbtvgll.format.com/fonts/FreightBigPro/Freight Big Pro Light Italic.woff2]
[portfolio-lbtvgll.format.com/fonts/FreightBigPro/Freight Big Pro Light Italic.woff]
[portfolio-lbtvgll.format.com/fonts/BennetBanner/Bennet Banner Regular.woff2]
[portfolio-lbtvgll.format.com/fonts/BennetBanner/Bennet Banner Regular.woff]
[portfolio-lbtvgll.format.com/fonts/BennetBanner/Bennet Banner Italic.woff2]
[portfolio-lbtvgll.format.com/fonts/BennetBanner/Bennet Banner Italic.woff]
[portfolio-lbtvgll.format.com/fonts/BennetBanner/Bennet Banner Bold.woff2]
[portfolio-lbtvgll.format.com/fonts/BennetBanner/Bennet Banner Bold.woff]
[portfolio-lbtvgll.format.com/fonts/BennetBanner/Bennet Banner Bold Italic.woff2]
[portfolio-lbtvgll.format.com/fonts/BennetBanner/Bennet Banner Bold Italic.woff]
[portfolio-lbtvgll.format.com/fonts/BennetBanner/Bennet Banner Condensed Regular.woff2]
[portfolio-lbtvgll.format.com/fonts/BennetBanner/Bennet Banner Condensed Regular.woff]
[portfolio-lbtvgll.format.com/fonts/BennetBanner/Bennet Banner Condensed Italic.woff2]
[portfolio-lbtvgll.format.com/fonts/BennetBanner/Bennet Banner Condensed Italic.woff]
[portfolio-lbtvgll.format.com/fonts/BennetBanner/Bennet Banner Condensed Bold.woff2]
[portfolio-lbtvgll.format.com/fonts/BennetBanner/Bennet Banner Condensed Bold.woff]
[portfolio-lbtvgll.format.com/fonts/BennetBanner/Bennet Banner Condensed Bold Italic.woff2]
[portfolio-lbtvgll.format.com/fonts/BennetBanner/Bennet Banner Condensed Bold Italic.woff]
[portfolio-lbtvgll.format.com/fonts/BennetBanner/Bennet Banner Extra Condensed Regular.woff2]
[portfolio-lbtvgll.format.com/fonts/BennetBanner/Bennet Banner Extra Condensed Regular.woff]
[portfolio-lbtvgll.format.com/fonts/BennetBanner/Bennet Banner Extra Condensed Italic.woff2]
[portfolio-lbtvgll.format.com/fonts/BennetBanner/Bennet Banner Extra Condensed Italic.woff]
[portfolio-lbtvgll.format.com/fonts/BennetBanner/Bennet Banner Extra Condensed Bold.woff2]
[portfolio-lbtvgll.format.com/fonts/BennetBanner/Bennet Banner Extra Condensed Bold.woff]
[portfolio-lbtvgll.format.com/fonts/BennetBanner/Bennet Banner Extra Condensed Bold Italic.woff2]
[portfolio-lbtvgll.format.com/fonts/BennetBanner/Bennet Banner Extra Condensed Bold Italic.woff]
[portfolio-lbtvgll.format.com/fonts/Poppins/poppins-v5-latin-100.woff2]
[portfolio-lbtvgll.format.com/fonts/Poppins/poppins-v5-latin-100.woff]
[portfolio-lbtvgll.format.com/fonts/Poppins/poppins-v5-latin-100italic.woff2]
[portfolio-lbtvgll.format.com/fonts/Poppins/poppins-v5-latin-100italic.woff]
[portfolio-lbtvgll.format.com/fonts/Poppins/poppins-v5-latin-regular.woff2]
[portfolio-lbtvgll.format.com/fonts/Poppins/poppins-v5-latin-regular.woff]
[portfolio-lbtvgll.format.com/fonts/Poppins/poppins-v5-latin-italic.woff2]
[portfolio-lbtvgll.format.com/fonts/Poppins/poppins-v5-latin-italic.woff]
[portfolio-lbtvgll.format.com/fonts/Poppins/poppins-v5-latin-700.woff2]
[portfolio-lbtvgll.format.com/fonts/Poppins/poppins-v5-latin-700.woff]
[portfolio-lbtvgll.format.com/fonts/Poppins/poppins-v5-latin-500.woff2]
[portfolio-lbtvgll.format.com/fonts/Poppins/poppins-v5-latin-500.woff]
[portfolio-lbtvgll.format.com/fonts/Poppins/poppins-v5-latin-500italic.woff2]
[portfolio-lbtvgll.format.com/fonts/Poppins/poppins-v5-latin-500italic.woff]
[portfolio-lbtvgll.format.com/fonts/Poppins/poppins-v5-latin-700italic.woff2]
[portfolio-lbtvgll.format.com/fonts/Poppins/poppins-v5-latin-700italic.woff]
[portfolio-lbtvgll.format.com/fonts/Raleway/raleway-v12-latin-200.woff2]
[portfolio-lbtvgll.format.com/fonts/Raleway/raleway-v12-latin-200.woff]
[portfolio-lbtvgll.format.com/fonts/Raleway/raleway-v12-latin-200italic.woff2]
[portfolio-lbtvgll.format.com/fonts/Raleway/raleway-v12-latin-200italic.woff]
[portfolio-lbtvgll.format.com/fonts/Raleway/raleway-v12-latin-regular.woff2]
[portfolio-lbtvgll.format.com/fonts/Raleway/raleway-v12-latin-regular.woff]
[portfolio-lbtvgll.format.com/fonts/Raleway/raleway-v12-latin-italic.woff2]
[portfolio-lbtvgll.format.com/fonts/Raleway/raleway-v12-latin-italic.woff]
[portfolio-lbtvgll.format.com/fonts/Raleway/raleway-v12-latin-700.woff2]
[portfolio-lbtvgll.format.com/fonts/Raleway/raleway-v12-latin-700.woff]
[portfolio-lbtvgll.format.com/fonts/Raleway/raleway-v12-latin-700italic.woff2]
[portfolio-lbtvgll.format.com/fonts/Raleway/raleway-v12-latin-700italic.woff]
[portfolio-lbtvgll.format.com/fonts/Raleway/raleway-v12-latin-900.woff2]
[portfolio-lbtvgll.format.com/fonts/Raleway/raleway-v12-latin-900.woff]
[portfolio-lbtvgll.format.com/fonts/Raleway/raleway-v12-latin-900italic.woff2]
[portfolio-lbtvgll.format.com/fonts/Raleway/raleway-v12-latin-900italic.woff]
[portfolio-lbtvgll.format.com/fonts/BluuNext/bluunext-bold-webfont.woff2]
[portfolio-lbtvgll.format.com/fonts/BluuNext/bluunext-bold-webfont.woff]
[portfolio-lbtvgll.format.com/fonts/BluuNext/bluunext-bolditalic-webfont.woff2]
[portfolio-lbtvgll.format.com/fonts/BluuNext/bluunext-bolditalic-webfont.woff]
[portfolio-lbtvgll.format.com/fonts/Playfair/playfair-display-v13-latin-regular.woff2]
[portfolio-lbtvgll.format.com/fonts/Playfair/playfair-display-v13-latin-regular.woff]
[portfolio-lbtvgll.format.com/fonts/Playfair/playfair-display-v13-latin-italic.woff2]
[portfolio-lbtvgll.format.com/fonts/Playfair/playfair-display-v13-latin-italic.woff]
[portfolio-lbtvgll.format.com/fonts/Playfair/playfair-display-v13-latin-700.woff2]
[portfolio-lbtvgll.format.com/fonts/Playfair/playfair-display-v13-latin-700.woff]
[portfolio-lbtvgll.format.com/fonts/Playfair/playfair-display-v13-latin-700italic.woff2]
[portfolio-lbtvgll.format.com/fonts/Playfair/playfair-display-v13-latin-700italic.woff]
[portfolio-lbtvgll.format.com/fonts/Playfair/playfair-display-v13-latin-900.woff2]
[portfolio-lbtvgll.format.com/fonts/Playfair/playfair-display-v13-latin-900.woff]
[portfolio-lbtvgll.format.com/fonts/PxGrotesk/PxGrotesk-Regular.woff]
[portfolio-lbtvgll.format.com/fonts/PxGrotesk/PxGrotesk-Bold.woff]
[portfolio-lbtvgll.format.com/static/theme_api/v1/hosted_fonts-d5ec48dda39ec1dad115aee68d1d6c3460ffc8c8697f01060d36750496a3192f.css]
[portfolio-lbtvgll.format.com/static/theme_api/vendor/webtype_fonts.min-51d9b9edb8f956fb39da113609d790ba607fa4fbda053af8e378bb9233ef4a39.css]
[portfolio-lbtvgll.format.com/static/theme_api/v1/share_panel-1a26721acae26eabd7c32296e2ee8cf053d1a1a8d9f7c49f0df899bc27b784c1.css]
[portfolio-lbtvgll.format.com/static/theme_api/v1/protected_images-6cc002aad772e14af53bbbb966d0611491b39e25fc8fba42e94598f98d535828.css]
[portfolio-lbtvgll.format.com/static/theme_api/v1/font-awesome.min-3149da3014aff38a256574aa7aa1b947387efee9cdc1fb2d39e234606f231c96.css]
[portfolio-lbtvgll.format.com/fonts/PxGrotesk/PxGrotesk-Light.woff]
[portfolio-lbtvgll.format.com/fonts/theme_social/theme_social4d6a.eot]
[portfolio-lbtvgll.format.com/fonts/theme_social/theme_social4d6a.woff]
[portfolio-lbtvgll.format.com/fonts/theme_social/theme_social4d6a.ttf]
[portfolio-lbtvgll.format.com/static/theme_api/v1/theme_social-666d56afe440722dbf0325c8f10528dcc28546f5fab9eb19bc7098b0179fac58.css]
[portfolio-lbtvgll.format.com/fonts/theme_social/theme_social4d6a.svg]
[portfolio-lbtvgll.format.com/static/cart_button_background-ea2890d7f86181f02d978dac735dcb16bcd31e89c4b016a9c32f37ab8e67c154.png]
[portfolio-lbtvgll.format.com/static/theme_api/v1/sales/cart-4d5bed841e04f35cada9bb41f30882005c189af13e193524545f285f7c279533.css]
[portfolio-lbtvgll.format.com/fonts/theme_custom_fonts/peak-icons.eot]
[portfolio-lbtvgll.format.com/fonts/theme_custom_fonts/peak-iconsd41d.eot]
[portfolio-lbtvgll.format.com/fonts/theme_custom_fonts/peak-icons.woff]
[portfolio-lbtvgll.format.com/fonts/theme_custom_fonts/peak-icons.ttf]
[portfolio-lbtvgll.format.com/fonts/theme_custom_fonts/peak-icons.svg]
[bucket0.format-assets.com/theme_versions/9337987/assets/images/resizewest.png]
[bucket0.format-assets.com/theme_versions/9337987/assets/images/resizeeast.png]
[portfolio-lbtvgll.format.com/stylesheetd9aa.css]
[portfolio-lbtvgll.format.com/static/heart-fdbd4f0c82adfe04d7251886935bf91ac9a3948c951353b40cf519eb034bcf6f.svg]
[portfolio-lbtvgll.format.com/static/left-balloon-ellipses-9b27c618ded2344503f9ff2c3022152ef29618b6fde3931dabc5f07b1d92e8a6.svg]
[portfolio-lbtvgll.format.com/get.html]
[portfolio-lbtvgll.format.com/gallery.html]
[portfolio-lbtvgll.format.com/static/theme_api/v1/960_simple-80ab8eb2695abe415bd536608db207267db1a467f2841da1c01b06c3559dd9c6.css]
[portfolio-lbtvgll.format.com/static/_common/animation-7fc12d665fca943072e7f3c6c84d756b935958c9d92f8a940de7dcfd69c2b253.css]
[portfolio-lbtvgll.format.com/static/_common/module_base-b1c3626a056938eb71bbb5bd47257f4eef898444e9ed1d7758bb7a07c075327b.css]
[portfolio-lbtvgll.format.com/static/stackable/headline_01/stylesheets/style-e3b0c44298fc1c149afbf4c8996fb92427ae41e4649b934ca495991b7852b855.css]
[format.creatorcdn.com/516ebb83-f754-4692-99e8-a00712a2ad40/0/0/0/210,0,716,675,290,386/0-0-0/9ef2395c-a50b-4b35-a606-bb6ca4151f7d/1/2/3831017_3831017-R4-038-17A1ffb.jpg]
[format.creatorcdn.com/516ebb83-f754-4692-99e8-a00712a2ad40/0/0/0/112,0,613,667,290,386/0-0-0/0d449006-0507-4c5b-85d5-40362df1d18c/1/2/123445411b.jpg]
[portfolio-lbtvgll.format.com/static/content_page-6d0843f94c45121c8bd6c65efcd3cd2bd60bee768bed6760422145af4ecd3bff.js]
[portfolio-lbtvgll.format.com/static/theme_api/v1/custom_pages/custom_pages-a9d0ac6e9afcb2bb6b752254aad37448b6591a69d34129cabe5a26454651d4a6.js]
[portfolio-lbtvgll.format.com/the-team.html]
[portfolio-lbtvgll.format.com/static/_common/contact_form-7d6c73bf9f5dd914006a80bda1ccb9ab37ae9120a36bfc43e414e37243392434.css]
[portfolio-lbtvgll.format.com/static/_common/modal_message-2f43ae475b7f02fe3d971433e91ec03913a13df4965f24667ce84e667b461cbb.css]
[format.creatorcdn.com/516ebb83-f754-4692-99e8-a00712a2ad40/0/0/0/0,683,3636,1593,1140,285/0-0-0/7d6f28c5-d5a4-4a22-99ae-622e9152a8b2/1/2/20220703_0056d02a.jpg]
[portfolio-lbtvgll.format.com/stackable/headline_01/stylesheets/style.121.delayed]
[portfolio-lbtvgll.format.com/_common/contact_form.css]
[portfolio-lbtvgll.format.com/static/_common/contact_form-f90453864b4455dfec9c5ae85a56eb995f0fde06ccfaa3323eae52cd78704120.js]
[portfolio-lbtvgll.format.com/static/_common/colour_adjustments-dc3d0559b693ffd9f6874e8d9daaf290260e47e66d7c581f8f1c26b4b9c43e7d.js]
[portfolio-lbtvgll.format.com/contact.html]
[portfolio-lbtvgll.format.com/static/g024_computer_icon-1353da85caca09c6b2a1b5dba851ece8f6c48abacfbc87a75eea2b63e4a72729.svg]
[portfolio-lbtvgll.format.com/static/g024_close_icon-14b56df6978661077225d9afd540dba457eb66a919718b90d3c1cff876c4e119.svg]
[portfolio-lbtvgll.format.com/fonts/NewsCycleRegular/NewsCycle-Regular-webfont.svg]
[portfolio-lbtvgll.format.com/fonts/Museo/Museo300-Regular-webfont.svg]
[portfolio-lbtvgll.format.com/fonts/Museo/Museo700-Regular-webfont.svg]
[portfolio-lbtvgll.format.com/fonts/aller/aller_rg-webfont.svg]
[portfolio-lbtvgll.format.com/fonts/aller/aller_bd-webfont.svg]
[portfolio-lbtvgll.format.com/fonts/Roboto/Roboto-Regular-webfont.svg]
[portfolio-lbtvgll.format.com/fonts/Roboto/Roboto-Medium-webfont.svg]
[portfolio-lbtvgll.format.com/fonts/anivers/Anivers_Regular-webfont.svg]
[portfolio-lbtvgll.format.com/fonts/inknutantiqua/inknutantiqua-medium.html]
[portfolio-lbtvgll.format.com/fonts/theme_social/theme_social4d6a.svg]
[portfolio-lbtvgll.format.com/fonts/theme_custom_fonts/peak-icons.svg]
[portfolio-lbtvgll.format.com/static/theme_api/v1/960_simple-80ab8eb2695abe415bd536608db207267db1a467f2841da1c01b06c3559dd9c6.css]
[portfolio-lbtvgll.format.com/static/_common/animation-7fc12d665fca943072e7f3c6c84d756b935958c9d92f8a940de7dcfd69c2b253.css]
[portfolio-lbtvgll.format.com/static/_common/module_base-b1c3626a056938eb71bbb5bd47257f4eef898444e9ed1d7758bb7a07c075327b.css]
[portfolio-lbtvgll.format.com/static/stackable/headline_01/stylesheets/style-e3b0c44298fc1c149afbf4c8996fb92427ae41e4649b934ca495991b7852b855.css]
[portfolio-lbtvgll.format.com/static/_common/contact_form-7d6c73bf9f5dd914006a80bda1ccb9ab37ae9120a36bfc43e414e37243392434.css]
[portfolio-lbtvgll.format.com/static/_common/modal_message-2f43ae475b7f02fe3d971433e91ec03913a13df4965f24667ce84e667b461cbb.css]
[portfolio-lbtvgll.format.com/stackable/headline_01/stylesheets/style.html]
[portfolio-lbtvgll.format.com/_common/contact_form.html]
[portfolio-lbtvgll.format.com/index.html]
